# Capability 1 — macro 派生卡  (2026-05-20T17:55:31+00:00)
----------------------------------------------------------------------
  store loaded — 3417 cards (3331 atoms, 53 experiments, 8 lineages, 11 rules, 2 macros)

input experiment cards:
  exp:H-R3b-4_c84_kelly_lambda_1.5                         SOTA champion (status=champion)
      title: H-R3b-4 — C8.4 × Kelly-fraction sizing λ=1.5 (SOTA champion)
      train_nav: 3.6981
      status: champion
  exp:B-R10-2_blacklist_low_amt                            status=falsified blacklist plateau
      title: B-R10-2 — default-admit ∖ {low pre_amt q10} blacklist
      train_nav: 2.6473
      status: falsified
  exp:H-R2-2_c84_linear_sizing                             Lineage parent of the champion
      title: H-R2-2 — C8.4 × clip(ratio/median, 0.5, 1.5) linear sizing
      train_nav: 3.6478
      status: challenger

m001 macro source (full body):
  id     : m001_paper_to_experiment_suggestion
  type   : macro
  name   : paper-to-experiment-suggestion
  params : ['?source-paper']
  template-1: {'type': 'suggestion', 'subj': '?source-paper', 'pred': 'suggests_experiment', 'obj': 'suggestion_baseline_?source-paper', 'body': 'Baseline replication of ?source-paper — re-run the headline result on the canonical dataset, no hyperparameter change, to confirm reproducibility before any new variant is built on top.'}
  template-2: {'type': 'suggestion', 'subj': '?source-paper', 'pred': 'suggests_experiment', 'obj': 'suggestion_ablation_?source-paper', 'body': 'Ablation of ?source-paper hypothesis — knock out the single mechanism the paper claims is load-bearing and confirm headline metric drops by a non-trivial margin.'}
  template-3: {'type': 'suggestion', 'subj': '?source-paper', 'pred': 'suggests_experiment', 'obj': 'suggestion_extension_?source-paper', 'body': "Axis extension of ?source-paper — take the principal axis the paper varies and probe one neighbouring axis (different bucket, different horizon, different ticker pool) to test the claim's transfer."}

m001 expansion — 9 fresh suggestion cards:
  + m_ae8adfd4  suggestion  obj=suggestion_baseline_exp:H-R3b-4_c84_kelly_lambda_1.5
      body: Baseline replication of exp:H-R3b-4_c84_kelly_lambda_1.5 — re-run the headline result on the canonical dataset …
  + m_447765d1  suggestion  obj=suggestion_ablation_exp:H-R3b-4_c84_kelly_lambda_1.5
      body: Ablation of exp:H-R3b-4_c84_kelly_lambda_1.5 hypothesis — knock out the single mechanism the paper claims is l …
  + m_a754873b  suggestion  obj=suggestion_extension_exp:H-R3b-4_c84_kelly_lambda_1.5
      body: Axis extension of exp:H-R3b-4_c84_kelly_lambda_1.5 — take the principal axis the paper varies and probe one ne …
  + m_22379292  suggestion  obj=suggestion_baseline_exp:B-R10-2_blacklist_low_amt
      body: Baseline replication of exp:B-R10-2_blacklist_low_amt — re-run the headline result on the canonical dataset, n …
  + m_b0a5ae5d  suggestion  obj=suggestion_ablation_exp:B-R10-2_blacklist_low_amt
      body: Ablation of exp:B-R10-2_blacklist_low_amt hypothesis — knock out the single mechanism the paper claims is load …
  + m_47a04088  suggestion  obj=suggestion_extension_exp:B-R10-2_blacklist_low_amt
      body: Axis extension of exp:B-R10-2_blacklist_low_amt — take the principal axis the paper varies and probe one neigh …
  + m_4c054d6b  suggestion  obj=suggestion_baseline_exp:H-R2-2_c84_linear_sizing
      body: Baseline replication of exp:H-R2-2_c84_linear_sizing — re-run the headline result on the canonical dataset, no …
  + m_e2de419d  suggestion  obj=suggestion_ablation_exp:H-R2-2_c84_linear_sizing
      body: Ablation of exp:H-R2-2_c84_linear_sizing hypothesis — knock out the single mechanism the paper claims is load- …
  + m_f3f7bc51  suggestion  obj=suggestion_extension_exp:H-R2-2_c84_linear_sizing
      body: Axis extension of exp:H-R2-2_c84_linear_sizing — take the principal axis the paper varies and probe one neighb …

  total expanded cards: 9

emphasis: macro 本身也是 card — query 它一样的方式:
  store.find_by_type('macro') → 2 cards: ['m001_paper_to_experiment_suggestion', 'm002_lineage_to_comparison_view']

  (这就是 homoiconic: 数据 + 规则 + 派生过程 全部共享 :id namespace)
